Build target: DEBUG
[[90m11:58:01[39m] Using gulpfile ~\skysecureinternal\spfx-learning-center\gulpfile.js
[[90m11:58:01[39m] Starting 'build'...
[[90m11:58:01[39m] Starting gulp
[[90m11:58:01[39m] Starting subtask '[36mpre-copy[39m'...
[[90m11:58:01[39m] Finished subtask '[36mpre-copy[39m' after [35m26 ms[39m
[[90m11:58:01[39m] Starting subtask '[36mcopy-static-assets[39m'...
[[90m11:58:01[39m] Starting subtask '[36msass[39m'...
[[90m11:58:02[39m] Finished subtask '[36msass[39m' after [35m770 ms[39m
[[90m11:58:02[39m] Starting subtask '[36mtsc[39m'...
[[90m11:58:02[39m] [[36mtsc[39m] typescript version: 4.7.4
[[90m11:58:02[39m] Finished subtask '[36mcopy-static-assets[39m' after [35m1.29 s[39m
[[90m11:58:11[39m] [31mError - [[36mtsc[31m] [31msrc/webparts/adminAccess/components/AdminPortal.tsx(33,5): error TS6133: 'Download' is declared but its value is never read.[31m[39m
[[90m11:58:11[39m] [31mError - [[36mtsc[31m] [31msrc/webparts/adminAccess/components/AdminPortal.tsx(38,5): error TS6133: 'ChevronLeft' is declared but its value is never read.[31m[39m
[[90m11:58:11[39m] [31mError - '[36mtsc[31m' [31msub task errored after[31m [35m9.37 s[31m [39m
[31m exited with code 2[39m
npx : [[90m11:58:11[39m] 'build' errored after 10 s
At line:1 char:1
+ npx gulp build > build_output.txt 2>&1
+ ~~~~~~~~~~~~~~~~~~~~~~~~~~~~~~~~~~~~~~
    + CategoryInfo          : NotSpecified: ([[90m11:58:11...ored a 
   fter 10 s:String) [], RemoteException
    + FullyQualifiedErrorId : NativeCommandError
 
[[90m11:58:11[39m] 
About to exit with code: 1
Trying to exit with exit code 1
Process terminated before summary could be written, possible error in 
async code not continuing!
